JavaThread "pool-6-thread-1" [_thread_blocked, id=7712, stack(0x0000000027430000,0x0000000027530000)]
  0x0000000019781000 JavaThread "Memory manager" [_thread_blocked, id=9068, stack(0x0000000020330000,0x0000000020430000)]
  0x0000000019780800 JavaThread "pool-1-thread-1" [_thread_blocked, id=8800, stack(0x0000000021b10000,0x0000000021c10000)]
  0x0000000019776000 JavaThread "File lock request listener" [_thread_in_native, id=9856, stack(0x000000001b5d0000,0x000000001b6d0000)]
  0x0000000019775000 JavaThread "Cache worker for file hash cache (C:\Users\admin\.gradle\caches\4.6\fileHashes)" [_thread_blocked, id=9264, stack(0x000000001b3b0000,0x000000001b4b0000)]
  0x000000001989a800 JavaThread "Daemon worker" [_thread_in_Java, id=9080, stack(0x000000001ad60000,0x000000001ae60000)]
  0x0000000019afe000 JavaThread "Daemon" [_thread_blocked, id=9748, stack(0x000000001a490000,0x000000001a590000)]
  0x00000000198da000 JavaThread "Daemon periodic checks" [_thread_blocked, id=9760, stack(0x000000001a620000,0x000000001a720000)]
  0x00000000198d2800 JavaThread "Incoming local TCP Connector on port 56011" [_thread_in_native, id=4504, stack(0x000000001a390000,0x000000001a490000)]
  0x0000000019939000 JavaThread "Daemon health stats" [_thread_blocked, id=10044, stack(0x0000000018000000,0x0000000018100000)]
  0x0000000017c56800 JavaThread "Service Thread" daemon [_thread_blocked, id=6880, stack(0x0000000018490000,0x0000000018590000)]
  0x0000000017beb000 JavaThread "C1 CompilerThread2" daemon [_thread_in_native, id=10052, stack(0x0000000012230000,0x0000000012330000)]
=>0x0000000017be9800 JavaThread "C2 CompilerThread1" daemon [_thread_in_native, id=3932, stack(0x0000000018340000,0x0000000018440000)]
  0x0000000017be4000 JavaThread "C2 CompilerThread0" daemon [_thread_in_native, id=4992, stack(0x0000000018190000,0x0000000018290000)]
  0x0000000017bda800 JavaThread "Attach Listener" daemon [_thread_blocked, id=9236, stack(0x00000000178c0000,0x00000000179c0000)]
  0x000000001670f000 JavaThread "Signal Dispatcher" daemon [_thread_blocked, id=8572, stack(0x0000000017640000,0x0000000017740000)]
  0x00000000166fb000 JavaThread "Finalizer" daemon [_thread_blocked, id=8180, stack(0x0000000017ad0000,0x0000000017bd0000)]
  0x00000000166b2000 JavaThread "Reference Handler" daemon [_thread_blocked, id=9428, stack(0x00000000179d0000,0x0000000017ad0000)]
  0x000000000060f800 JavaThread "main" [_thread_blocked, id=2240, stack(0x00000000027d0000,0x00000000028d0000)]

Other Threads:
  0x00000000166aa800 VMThread [stack: 0x0000000017780000,0x0000000017880000] [id=9644]
  0x0000000017c97000 WatcherThread [stack: 0x00000000186b0000,0x00000000187b0000] [id=9956]

VM state:not at safepoint (normal execution)

VM Mutex/Monitor currently owned by a thread: None

Heap:
 PSYoungGen      total 478208K, used 372025K [0x00000000e0000000, 0x0000000100000000, 0x0000000100000000)
  eden space 430592K, 81% used [0x00000000e0000000,0x00000000f54de5f8,0x00000000fa480000)
  from space 47616K, 48% used [0x00000000fd180000,0x00000000fe7eff40,0x0000000100000000)
  to   space 46080K, 0% used [0x00000000fa480000,0x00000000fa480000,0x00000000fd180000)
 ParOldGen       total 137216K, used 105520K [0x00000000a0000000, 0x00000000a8600000, 0x00000000e0000000)
  object space 137216K, 76% used [0x00000000a0000000,0x00000000a670c0d0,0x00000000a8600000)
 Metaspace       used 97594K, capacity 103584K, committed 103680K, reserved 1138688K
  class space    used 12744K, capacity 14048K, committed 14080K, reserved 1048576K

Card table byte_map: [0x0000000011d20000,0x0000000012030000] byte_map_base: 0x0000000011820000

Marking Bits: (ParMarkBitMap*) 0x00000000523c0600
 Begin Bits: [0x0000000012a20000, 0x0000000014220000)
 End Bits:   [0x0000000014220000, 0x0000000015a20000)

Polling page: 0x0000000000240000

CodeCache: size=245760Kb used=51849Kb max_used=51849Kb free=193910Kb
 bounds [0x0000000002960000, 0x0000000005c40000, 0x0000000011960000]
 total_blobs=15424 nmethods=14549 adapters=785
 compilation: enabled

Compilation events (10 events):
Event: 184.520 Thread 0x0000000017beb000 nmethod 17356 0x0000000005c35d10 code [0x0000000005c35e60, 0x0000000005c35f70]
Event: 184.523 Thread 0x0000000017beb000 17357       3       com.android.build.gradle.internal.scope.VariantScopeImpl::getTaskName (8 bytes)
Event: 184.523 Thread 0x0000000017beb000 nmethod 17357 0x0000000005c35fd0 code [0x0000000005c36140, 0x0000000005c363c8]
Event: 184.524 Thread 0x0000000017beb000 17358       3       org.gradle.util.ConfigureUtil::configureByMap (133 bytes)
Event: 184.525 Thread 0x0000000017beb000 nmethod 17358 0x0000000005c364d0 code [0x0000000005c36760, 0x0000000005c37798]
Event: 184.528 Thread 0x0000000017beb000 17359   !   3       sun.reflect.GeneratedConstructorAccessor88::newInstance (93 bytes)
Event: 184.528 Thread 0x0000000017beb000 nmethod 17359 0x0000000005c37dd0 code [0x0000000005c37fe0, 0x0000000005c38ba8]
Event: 184.529 Thread 0x0000000017beb000 17360       3       com.google.common.collect.AbstractMapBasedMultimap$WrappedCollection$WrappedIterator::hasNext (14 bytes)
Event: 184.530 Thread 0x0000000017beb000 nmethod 17360 0x0000000005c39190 code [0x0000000005c39320, 0x0000000005c39768]
Event: 184.531 Thread 0x0000000017beb000 17362       3       org.gradle.model.internal.type.ModelType::isAnnotationPresent (9 bytes)

GC Heap History (10 events):
Event: 60.263 GC heap before
{Heap before GC invocations=18 (full 3):
 PSYoungGen      total 347648K, used 341705K [0x00000000e0000000, 0x00000000f6800000, 0x0000000100000000)
  eden space 328704K, 100% used [0x00000000e0000000,0x00000000f4100000,0x00000000f4100000)
  from space 18944K, 68% used [0x00000000f5580000,0x00000000f6232638,0x00000000f6800000)
  to   space 19968K, 0% used [0x00000000f4100000,0x00000000f4100000,0x00000000f5480000)
 ParOldGen       total 137216K, used 42915K [0x00000000a0000000, 0x00000000a8600000, 0x00000000e0000000)
  object space 137216K, 31% used [0x00000000a0000000,0x00000000a29e8eb0,0x00000000a8600000)
 Metaspace       used 68961K, capacity 71784K, committed 71936K, reserved 1112064K
  class space    used 9256K, capacity 9928K, committed 9984K, reserved 1048576K
Event: 60.315 GC heap after
Heap after GC invocations=18 (full 3):
 PSYoungGen      total 348672K, used 19937K [0x00000000e0000000, 0x00000000fd400000, 0x0000000100000000)
  eden space 328704K, 0% used [0x00000000e0000000,0x00000000e0000000,0x00000000f4100000)
  from space 19968K, 99% used [0x00000000f4100000,0x00000000f5478710,0x00000000f5480000)
  to   space 28672K, 0% used [0x00000000fb800000,0x00000000fb800000,0x00000000fd400000)
 ParOldGen       total 137216K, used 59165K [0x00000000a0000000, 0x00000000a8600000, 0x00000000e0000000)
  object space 137216K, 43% used [0x00000000a0000000,0x00000000a39c7408,0x00000000a8600000)
 Metaspace       used 68961K, capacity 71784K, committed 71936K, reserved 1112064K
  class space    used 9256K, capacity 9928K, committed 9984K, reserved 1048576K
}
Event: 111.323 GC heap before
{Heap before GC invocations=19 (full 3):
 PSYoungGen      total 348672K, used 348641K [0x00000000e0000000, 0x00000000fd400000, 0x0000000100000000)
  eden space 328704K, 100% used [0x00000000e0000000,0x00000000f4100000,0x00000000f4100000)
  from space 19968K, 99% used [0x00000000f4100000,0x00000000f5478710,0x00000000f5480000)
  to   space 28672K, 0% used [0x00000000fb800000,0x00000000fb800000,0x00000000fd400000)
 ParOldGen       total 137216K, used 59165K [0x00000000a0000000, 0x00000000a8600000, 0x00000000e0000000)
  object space 137216K, 43% used [0x00000000a0000000,0x00000000a39c7408,0x00000000a8600000)
 Metaspace       used 75612K, capacity 78768K, committed 78976K, reserved 1118208K
  class space    used 10104K, capacity 10880K, committed 10880K, reserved 1048576K
Event: 111.421 GC heap after
Heap after GC invocations=19 (full 3):
 PSYoungGen      total 435712K, used 28643K [0x00000000e0000000, 0x00000000fe500000, 0x0000000100000000)
  eden space 407040K, 0% used [0x00000000e0000000,0x00000000e0000000,0x00000000f8d80000)
  from space 28672K, 99% used [0x00000000fb800000,0x00000000fd3f8c18,0x00000000fd400000)
  to   space 43520K, 0% used [0x00000000f8d80000,0x00000000f8d80000,0x00000000fb800000)
 ParOldGen       total 137216K, used 88582K [0x00000000a0000000, 0x00000000a8600000, 0x00000000e0000000)
  object space 137216K, 64% used [0x00000000a0000000,0x00000000a5681960,0x00000000a8600000)
 Metaspace       used 75612K, capacity 78768K, committed 78976K, reserved 1118208K
  class space    used 10104K, capacity 10880K, committed 10880K, reserved 1048576K
}
Event: 119.119 GC heap before
{Heap before GC invocations=20 (full 3):
 PSYoungGen      total 435712K, used 435683K [0x00000000e0000000, 0x00000000fe500000, 0x0000000100000000)
  eden space 407040K, 100% used [0x00000000e0000000,0x00000000f8d80000,0x00000000f8d80000)
  from space 28672K, 99% used [0x00000000fb800000,0x00000000fd3f8c18,0x00000000fd400000)
  to   space 43520K, 0% used [0x00000000f8d80000,0x00000000f8d80000,0x00000000fb800000)
 ParOldGen       total 137216K, used 88582K [0x00000000a0000000, 0x00000000a8600000, 0x00000000e0000000)
  object space 137216K, 64% used [0x00000000a0000000,0x00000000a5681960,0x00000000a8600000)
 Metaspace       used 77265K, capacity 80794K, committed 81024K, reserved 1120256K
  class space    used 10268K, capacity 11119K, committed 11136K, reserved 1048576K
Event: 119.174 GC heap after
Heap after GC invocations=20 (full 3):
 PSYoungGen      total 450560K, used 35352K [0x00000000e0000000, 0x0000000100000000, 0x0000000100000000)
  eden space 407040K, 0% used [0x00000000e0000000,0x00000000e0000000,0x00000000f8d80000)
  from space 43520K, 81% used [0x00000000f8d80000,0x00000000fb006140,0x00000000fb800000)
  to   space 47616K, 0% used [0x00000000fd180000,0x00000000fd180000,0x0000000100000000)
 ParOldGen       total 137216K, used 113206K [0x00000000a0000000, 0x00000000a8600000, 0x00000000e0000000)
  object space 137216K, 82% used [0x00000000a0000000,0x00000000a6e8db58,0x00000000a8600000)
 Metaspace       used 77265K, capacity 80794K, committed 81024K, reserved 1120256K
  class space    used 10268K, capacity 11119K, committed 11136K, reserved 1048576K
}
Event: 119.174 GC heap before
{Heap before GC invocations=21 (full 4):
 PSYoungGen      total 450560K, used 35352K [0x00000000e0000000, 0x0000000100000000, 0x0000000100000000)
  eden space 407040K, 0% used [0x00000000e0000000,0x00000000e0000000,0x00000000f8d80000)
  from space 43520K, 81% used [0x00000000f8d80000,0x00000000fb006140,0x00000000fb800000)
  to   space 47616K, 0% used [0x00000000fd180000,0x00000000fd180000,0x0000000100000000)
 ParOldGen       total 137216K, used 113206K [0x00000000a0000000, 0x00000000a8600000, 0x00000000e0000000)
  object space 137216K, 82% used [0x00000000a0000000,0x00000000a6e8db58,0x00000000a8600000)
 Metaspace       used 77265K, capacity 80794K, committed 81024K, reserved 1120256K
  class space    used 10268K, capacity 11119K, committed 11136K, reserved 1048576K
Event: 119.731 GC heap after
Heap after GC invocations=21 (full 4):
 PSYoungGen      total 450560K, used 0K [0x00000000e0000000, 0x0000000100000000, 0x0000000100000000)
  eden space 407040K, 0% used [0x00000000e0000000,0x00000000e0000000,0x00000000f8d80000)
  from space 43520K, 0% used [0x00000000f8d80000,0x00000000f8d80000,0x00000000fb800000)
  to   space 47616K, 0% used [0x00000000fd180000,0x00000000fd180000,0x0000000100000000)
 ParOldGen       total 137216K, used 105512K [0x00000000a0000000, 0x00000000a8600000, 0x00000000e0000000)
  object space 137216K, 76% used [0x00000000a0000000,0x00000000a670a0d0,0x00000000a8600000)
 Metaspace       used 77179K, capacity 80518K, committed 81024K, reserved 1120256K
  class space    used 10244K, capacity 11093K, committed 11136K, reserved 1048576K
}
Event: 177.952 GC heap before
{Heap before GC invocations=22 (full 4):
 PSYoungGen      total 450560K, used 407040K [0x00000000e0000000, 0x0000000100000000, 0x0000000100000000)
  eden space 407040K, 100% used [0x00000000e0000000,0x00000000f8d80000,0x00000000f8d80000)
  from space 43520K, 0% used [0x00000000f8d80000,0x00000000f8d80000,0x00000000fb800000)
  to   space 47616K, 0% used [0x00000000fd180000,0x00000000fd180000,0x0000000100000000)
 ParOldGen       total 137216K, used 105512K [0x00000000a0000000, 0x00000000a8600000, 0x00000000e0000000)
  object space 137216K, 76% used [0x00000000a0000000,0x00000000a670a0d0,0x00000000a8600000)
 Metaspace       used 88497K, capacity 92466K, committed 92544K, reserved 1128448K
  class space    used 11617K, capacity 12615K, committed 12672K, reserved 1048576K
Event: 178.000 GC heap after
Heap after GC invocations=22 (full 4):
 PSYoungGen      total 478208K, used 22975K [0x00000000e0000000, 0x0000000100000000, 0x0000000100000000)
  eden space 430592K, 0% used [0x00000000e0000000,0x00000000e0000000,0x00000000fa480000)
  from space 47616K, 48% used [0x00000000fd180000,0x00000000fe7eff40,0x0000000100000000)
  to   space 46080K, 0% used [0x00000000fa480000,0x00000000fa480000,0x00000000fd180000)
 ParOldGen       total 137216K, used 105520K [0x00000000a0000000, 0x00000000a8600000, 0x00000000e0000000)
  object space 137216K, 76% used [0x00000000a0000000,0x00000000a670c0d0,0x00000000a8600000)
 Metaspace       used 88497K, capacity 92466K, committed 92544K, reserved 1128448K
  class space    used 11617K, capacity 12615K, committed 12672K, reserved 1048576K
}

Deoptimization events (10 events):
Event: 181.213 Thread 0x000000001977a800 Uncommon trap: reason=class_check action=maybe_recompile pc=0x0000000003490e18 method=java.util.concurrent.locks.ReentrantLock.lock()V @ 4
Event: 181.216 Thread 0x000000001977b000 Uncommon trap: reason=class_check action=maybe_recompile pc=0x0000000003490e18 method=java.util.concurrent.locks.ReentrantLock.lock()V @ 4
Event: 181.219 Thread 0x000000001d8f8800 Uncommon trap: reason=unstable_if action=reinterpret pc=0x000000000330435c method=java.lang.ThreadLocal.get()Ljava/lang/Object; @ 11
Event: 181.219 Thread 0x000000001d8f8800 Uncommon trap: reason=class_check action=maybe_recompile pc=0x000000000383fb24 method=java.lang.ThreadLocal.setInitialValue()Ljava/lang/Object; @ 31
Event: 181.233 Thread 0x0000000019afe000 Uncommon trap: reason=unstable_if action=reinterpret pc=0x00000000053ae930 method=java.io.ObjectStreamClass.writeNonProxy(Ljava/io/ObjectOutputStream;)V @ 65
Event: 183.073 Thread 0x000000001989a800 Uncommon trap: reason=class_check action=maybe_recompile pc=0x0000000004465514 method=com.google.common.collect.AbstractMapBasedMultimap$WrappedCollection.refreshIfEmpty()V @ 59
Event: 183.074 Thread 0x000000001989a800 Uncommon trap: reason=class_check action=maybe_recompile pc=0x00000000045cd99c method=com.google.common.collect.AbstractMapBasedMultimap$WrappedCollection.refreshIfEmpty()V @ 59
Event: 184.010 Thread 0x000000001989a800 Uncommon trap: reason=bimorphic action=maybe_recompile pc=0x0000000003df9418 method=com.google.common.collect.AbstractMapBasedMultimap.put(Ljava/lang/Object;Ljava/lang/Object;)Z @ 70
Event: 184.333 Thread 0x000000001989a800 Uncommon trap: reason=unstable_if action=reinterpret pc=0x0000000003312154 method=java.util.regex.Pattern.range(Ljava/util/regex/Pattern$BitClass;)Ljava/util/regex/Pattern$CharProperty; @ 19
Event: 184.361 Thread 0x000000001989a800 Uncommon trap: reason=unstable_if action=reinterpret pc=0x00000000043658c8 method=java.util.regex.Pattern.sequence(Ljava/util/regex/Pattern$Node;)Ljava/util/regex/Pattern$Node; @ 144

Internal exceptions (10 events):
Event: 184.216 Thread 0x000000001989a800 Exception <a 'sun/nio/fs/WindowsException'> (0x00000000f4862e60) thrown at [C:\re\workspace\8-2-build-windows-amd64-cygwin\jdk8u74\6087\hotspot\src\share\vm\prims\jni.cpp, line 709]
Event: 184.216 Thread 0x000000001989a800 Exception <a 'sun/nio/fs/WindowsException'> (0x00000000f4863c40) thrown at [C:\re\workspace\8-2-build-windows-amd64-cygwin\jdk8u74\6087\hotspot\src\share\vm\prims\jni.cpp, line 709]
Event: 184.216 Thread 0x000000001989a800 Exception <a 'sun/nio/fs/WindowsException'> (0x00000000f4866c58) thrown at [C:\re\workspace\8-2-build-windows-amd64-cygwin\jdk8u74\6087\hotspot\src\share\vm\prims\jni.cpp, line 709]
Event: 184.216 Thread 0x000000001989a800 Exception <a 'sun/nio/fs/WindowsException'> (0x00000000f4867a28) thrown at [C:\re\workspace\8-2-build-windows-amd64-cygwin\jdk8u74\6087\hotspot\src\share\vm\prims\jni.cpp, line 709]
Event: 184.216 Thread 0x000000001989a800 Exception <a 'sun/nio/fs/WindowsException'> (0x00000000f4869bf8) thrown at [C:\re\workspace\8-2-build-windows-amd64-cygwin\jdk8u74\6087\hotspot\src\share\vm\prims\jni.cpp, line 709]
Event: 184.217 Thread 0x000000001989a800 Exception <a 'sun/nio/fs/WindowsException'> (0x00000000f486aa08) thrown at [C:\re\workspace\8-2-build-windows-amd64-cygwin\jdk8u74\6087\hotspot\src\share\vm\prims\jni.cpp, line 709]
Event: 184.217 Thread 0x000000001989a800 Exception <a 'sun/nio/fs/WindowsException'> (0x00000000f486dad0) thrown at [C:\re\workspace\8-2-build-windows-amd64-cygwin\jdk8u74\6087\hotspot\src\share\vm\prims\jni.cpp, line 709]
Event: 184.217 Thread 0x000000001989a800 Exception <a 'sun/nio/fs/WindowsException'> (0x00000000f486e8c8) thrown at [C:\re\workspace\8-2-build-windows-amd64-cygwin\jdk8u74\6087\hotspot\src\share\vm\prims\jni.cpp, line 709]
Event: 184.217 Thread 0x000000001989a800 Exception <a 'sun/nio/fs/WindowsException'> (0x00000000f4870ac0) thrown at [C:\re\workspace\8-2-build-windows-amd64-cygwin\jdk8u74\6087\hotspot\src\share\vm\prims\jni.cpp, line 709]
Event: 184.217 Thread 0x000000001989a800 Exception <a 'sun/nio/fs/WindowsException'> (0x00000000f48718f8) thrown at [C:\re\workspace\8-2-build-windows-amd64-cygwin\jdk8u74\6087\hotspot\src\share\vm\prims\jni.cpp, line 709]

Events (10 events):
Event: 184.356 loading class org/gradle/cli/CommandLineParser$AfterFirstSubCommand done
Event: 184.356 loading class org/gradle/cli/CommandLineParser$UnknownOptionParserState
Event: 184.357 loading class org/gradle/cli/CommandLineParser$UnknownOptionParserState done
Event: 184.360 loading class org/gradle/cli/CommandLineParser$KnownOptionParserState
Event: 184.360 loading class org/gradle/cli/CommandLineParser$KnownOptionParserState done
Event: 184.361 Thread 0x000000001989a800 Uncommon trap: trap_request=0xffffff65 fr.pc=0x00000000043658c8
Event: 184.361 Thread 0x000000001989a800 DEOPT PACKING pc=0x00000000043658c8 sp=0x000000001ae5c9f0
Event: 184.361 Thread 0x000000001989a800 DEOPT UNPACKING pc=0x00000000029a582a sp=0x000000001ae5c9a8 mode 2
Event: 184.361 loading class java/util/regex/Pattern$All
Event: 184.365 loading class java/util/regex/Pattern$All done


Dynamic libraries:
0x000000013fc50000 - 0x000000013fc87000 	C:\Program Files\Java\jdk1.8.0_74\bin\java.exe
0x0000000077900000 - 0x0000000077aa9000 	C:\Windows\SYSTEM32\ntdll.dll
0x00000000777e0000 - 0x00000000778ff000 	C:\Windows\system32\kernel32.dll
0x000007fefdad0000 - 0x000007fefdb3b000 	C:\Windows\system32\KERNELBASE.dll
0x000007feff6a0000 - 0x000007feff77b000 	C:\Windows\system32\ADVAPI32.dll
0x000007feff780000 - 0x000007feff81f000 	C:\Windows\system32\msvcrt.dll
0x000007fefeef0000 - 0x000007fefef0f000 	C:\Windows\SYSTEM32\sechost.dll
0x000007feffa10000 - 0x000007feffb3d000 	C:\Windows\system32\RPCRT4.dll
0x00000000776e0000 - 0x00000000777da000 	C:\Windows\system32\USER32.dll
0x000007feff440000 - 0x000007feff4a7000 	C:\Windows\system32\GDI32.dll
0x000007feff170000 - 0x000007feff17e000 	C:\Windows\system32\LPK.dll
0x000007fefebc0000 - 0x000007fefec89000 	C:\Windows\system32\USP10.dll
0x000007fefbf10000 - 0x000007fefc104000 	C:\Windows\WinSxS\amd64_microsoft.windows.common-controls_6595b64144ccf1df_6.0.7601.17514_none_fa396087175ac9ac\COMCTL32.dll
0x000007feff180000 - 0x000007feff1f1000 	C:\Windows\system32\SHLWAPI.dll
0x000007fefd6e0000 - 0x000007fefd737000 	C:\Windows\system32\apphelp.dll
0x000007fee70a0000 - 0x000007fee70f1000 	C:\Windows\AppPatch\AppPatch64\AcGenral.DLL
0x000007fefd6b0000 - 0x000007fefd6d5000 	C:\Windows\system32\SspiCli.dll
0x000007fefdc20000 - 0x000007fefde23000 	C:\Windows\system32\ole32.dll
0x000007fefde30000 - 0x000007fefebb8000 	C:\Windows\system32\SHELL32.dll
0x0000000073aa0000 - 0x0000000073aa3000 	C:\Windows\system32\sfc.dll
0x000007fef8750000 - 0x000007fef8760000 	C:\Windows\system32\sfc_os.DLL
0x000007fefcb90000 - 0x000007fefcbae000 	C:\Windows\system32\USERENV.dll
0x000007fefd850000 - 0x000007fefd85f000 	C:\Windows\system32\profapi.dll
0x000007fefb6f0000 - 0x000007fefb708000 	C:\Windows\system32\dwmapi.dll
0x000007fefa0c0000 - 0x000007fefa0d8000 	C:\Windows\system32\MPR.dll
0x000007feffbe0000 - 0x000007feffc0e000 	C:\Windows\system32\IMM32.DLL
0x000007feff330000 - 0x000007feff439000 	C:\Windows\system32\MSCTF.dll
0x0000000056bf0000 - 0x0000000056cc2000 	C:\Program Files\Java\jdk1.8.0_74\jre\bin\msvcr100.dll
0x0000000051bb0000 - 0x0000000052440000 	C:\Program Files\Java\jdk1.8.0_74\jre\bin\server\jvm.dll
0x000007feeaaf0000 - 0x000007feeaaf9000 	C:\Windows\system32\WSOCK32.dll
0x000007feff200000 - 0x000007feff24d000 	C:\Windows\system32\WS2_32.dll
0x000007feffa00000 - 0x000007feffa08000 	C:\Windows\system32\NSI.dll
0x000007fefa080000 - 0x000007fefa0bb000 	C:\Windows\system32\WINMM.dll
0x000007fefc9b0000 - 0x000007fefc9bc000 	C:\Windows\system32\VERSION.dll
0x0000000077ac0000 - 0x0000000077ac7000 	C:\Windows\system32\PSAPI.DLL
0x00000000640e0000 - 0x00000000640ef000 	C:\Program Files\Java\jdk1.8.0_74\jre\bin\verify.dll
0x000000005ea60000 - 0x000000005ea89000 	C:\Program Files\Java\jdk1.8.0_74\jre\bin\java.dll
0x0000000063f00000 - 0x0000000063f16000 	C:\Program Files\Java\jdk1.8.0_74\jre\bin\zip.dll
0x000000005c5e0000 - 0x000000005c5fa000 	C:\Program Files\Java\jdk1.8.0_74\jre\bin\net.dll
0x000007fefd080000 - 0x000007fefd0d5000 	C:\Windows\system32\mswsock.dll
0x000007fefd070000 - 0x000007fefd077000 	C:\Windows\System32\wship6.dll
0x000000005c5c0000 - 0x000000005c5d1000 	C:\Program Files\Java\jdk1.8.0_74\jre\bin\nio.dll
0x000007fed9a00000 - 0x000007fed9a1e000 	C:\Users\admin\.gradle\native\25\windows-amd64\native-platform.dll
0x00000000640d0000 - 0x00000000640dd000 	C:\Program Files\Java\jdk1.8.0_74\jre\bin\management.dll
0x000007fefd0e0000 - 0x000007fefd0f7000 	C:\Windows\system32\CRYPTSP.dll
0x000007fefcde0000 - 0x000007fefce27000 	C:\Windows\system32\rsaenh.dll
0x000007fefd740000 - 0x000007fefd74f000 	C:\Windows\system32\CRYPTBASE.dll
0x000007fefb530000 - 0x000007fefb557000 	C:\Windows\system32\IPHLPAPI.DLL
0x000007fefb520000 - 0x000007fefb52b000 	C:\Windows\system32\WINNSI.DLL
0x000007fefb310000 - 0x000007fefb321000 	C:\Windows\system32\dhcpcsvc6.DLL
0x000007fefb330000 - 0x000007fefb348000 	C:\Windows\system32\dhcpcsvc.DLL
0x0000000057e50000 - 0x0000000057e74000 	C:\Program Files\Java\jdk1.8.0_74\jre\bin\sunec.dll
0x000007fefca80000 - 0x000007fefca87000 	C:\Windows\System32\wshtcpip.dll
0x000007fefcf00000 - 0x000007fefcf5b000 	C:\Windows\system32\DNSAPI.dll
0x000007fefa0e0000 - 0x000007fefa0e8000 	C:\Windows\system32\rasadhlp.dll
0x000007fefb3f0000 - 0x000007fefb443000 	C:\Windows\System32\fwpuclnt.dll
0x000007fefc3a0000 - 0x000007fefc3b5000 	C:\Windows\system32\NLAapi.dll
0x000007fef9e10000 - 0x000007fef9e25000 	C:\Windows\system32\napinsp.dll
0x000007fef9e40000 - 0x000007fef9e59000 	C:\Windows\system32\pnrpnsp.dll
0x000007fef9d30000 - 0x000007fef9d3b000 	C:\Windows\System32\winrnr.dll

VM Arguments:
jvm_args: -Xmx1536m -Dfile.encoding=GBK -Duser.country=CN -Duser.language=zh -Duser.variant 
java_command: org.gradle.launcher.daemon.bootstrap.GradleDaemon 4.6
java_class_path (initial): C:\Users\admin\.gradle\wrapper\dists\gradle-4.6-all\bcst21l2brirad8k2ben1letg\gradle-4.6\lib\gradle-launcher-4.6.jar
Launcher Type: SUN_STANDARD

Environment Variables:
JAVA_HOME=C:\Program Files\Java\jdk1.8.0_74
CLASSPATH=.;C:\Program Files\Java\jdk1.8.0_74\lib;C:\Program Files\Java\jdk1.8.0_74\lib\tools.jar
PATH=C:\ProgramData\Oracle\Java\javapath;C:\Program Files (x86)\NVIDIA Corporation\PhysX\Common;C:\Windows\system32;C:\Windows;C:\Windows\System32\Wbem;C:\Windows\System32\WindowsPowerShell\v1.0\;C:\Program Files (x86)\Common Files\microsoft shared\TigerKin;C:\Program Files\Java\jdk1.8.0_74\bin;C:\Program Files\Java\jdk1.8.0_74\jre\bin;D:\Android\sdk\platform-tools;D:\Android\sdk\ndk-bundle;C:\Program Files\TortoiseSVN\bin;C:\Program Files\nodejs\;D:\python\python35\Scripts\;D:\python\python35\;C:\Users\admin\Desktop\固件升级工具PhoenixSuitV1.1\;C:\Users\admin\AppData\Roaming\npm
USERNAME=admin
OS=Windows_NT
PROCESSOR_IDENTIFIER=Intel64 Family 6 Model 60 Stepping 3, GenuineIntel



---------------  S Y S T E M  ---------------

OS: Windows 7 , 64 bit Build 7601 (6.1.7601.17514)

CPU:total 4 (2 cores per cpu, 2 threads per core) family 6 model 60 stepping 3, cmov, cx8, fxsr, mmx, sse, sse2, sse3, ssse3, sse4.1, sse4.2, popcnt, avx, avx2, aes, clmul, erms, lzcnt, ht, tsc, tscinvbit, bmi1, bmi2

Memory: 4k page, physical 8286356k(207340k free), swap 9333088k(5084k free)

vm_info: Java HotSpot(TM) 64-Bit Server VM (25.74-b02) for windows-amd64 JRE (1.8.0_74-b02), built on Jan 29 2016 17:42:36 by "java_re" with MS VC++ 10.0 (VS2010)

time: Fri Jan 11 18:13:05 2019
elapsed time: 184 seconds (0d 0h 3m 4s)

